// Jest Snapshot v1, https://goo.gl/fbAQLP

exports[`test if onClick method works 1`] = `
<button
  onClick={[Function]}
>
  Test
</button>
`;

exports[`test if onClick method works 2`] = `
<button
  onClick={[Function]}
>
  Test
</button>
`;
